1. !say
2. !log
3. !nick
4. !op
5. !dop
6. !hop
7. !dhop
8. !leave
9. !join
10. !addop (status is unknown it may work or it may not)
11. !server (currently does not work iirc)
12. !sleep
13. !status
-----------------------------------------------------
Applies to frbot only

!identify : must be sent to the bot immediately after the bot joins otherwise you risk locking your name out
------------------------------------------------------------------------------------------------------------
